nohup: ignoring input
> 
> library(dada2)
Loading required package: Rcpp
> cutadapt <- "/home/wangxinyu/miniconda3/envs/fq/bin/cutadapt"
> 
> # define the input folder
> # HMP
> # path_in <- "/data/wangxinyu/HMP_ITS/data/PRJNA356769_ITS2/0_raw_merged" 
> 
> # GNHS
> # path_in <- "/data/wangxinyu/HMP_ITS/data/GNHS/raw_merged" 
> 
> # MK-SpikeSeq
> path_in <- "/data/wangxinyu/HMP_ITS/data/MK-SpikeSeq/raw_merged"
> 
> 
> # define the pattern of fastq file
> pattern_F = ".1.fastq.gz" 
> pattern_R = ".2.fastq.gz"
> 
> fqF_raw <- sort(list.files(path_in, pattern = pattern_F, full.names = TRUE))
> fqR_raw <- sort(list.files(path_in, pattern = pattern_R, full.names = TRUE))
> head(fqF_raw)
[1] "/data/wangxinyu/HMP_ITS/data/MK-SpikeSeq/raw_merged/MK-SpikeSeq_merged.1.fastq.gz"
> head(fqR_raw)
[1] "/data/wangxinyu/HMP_ITS/data/MK-SpikeSeq/raw_merged/MK-SpikeSeq_merged.2.fastq.gz"
> 
> path_filterA <- "/data/wangxinyu/HMP_ITS/cutadapt/linker_ITS3_ITS4_MK-SpikeSeq_default"
> if(!dir.exists(path_filterA)) {dir.create(path_filterA)}
> 
> # deine the output folder
> fqF_filterA <- file.path(path_filterA, basename(fqF_raw))
> fqR_filterA <- file.path(path_filterA, basename(fqR_raw))
> 
> # construct the cutadapt flag
> # fwd <- "GCATCGATGAAGAACGCAGC" #ITS3
> # rev <- "TCCTCCGCTTATTGATATGC" #ITS4
> 
> fwd <- "CTYGGTCATTTAGAGGAAGTAA" #ITS1F (modified)
> rev <- "GCTGCGTTCTTCATCGATGC" #ITS2
> 
> fwd_rc <- dada2:::rc(fwd)
> rev_rc <- dada2:::rc(rev)
> 
> # default
> F_flag <- paste0("-a ", '"', fwd, ";min_overlap = ", round((0.9 * nchar(fwd)), 0), ";required",'...', rev_rc, ";min_overlap = ", round((0.9 * nchar(rev_rc)), 0), ";optional", '"') 
> R_flag <- paste0("-A ", '"', rev, ";min_overlap = ", round((0.9 * nchar(rev)), 0), ";required",'...', fwd_rc, ";min_overlap = ", round((0.9 * nchar(fwd_rc)), 0), ";optional", '"') 
> 
> # relax 
> # F_flag <- paste0("-a ", '"', fwd, ";min_overlap = ", round((0.75 * nchar(fwd)), 0), ";e=0.2;required",'...', rev_rc, ";min_overlap = ", round((0.75 * nchar(rev_rc)), 0), ";optional", '"') 
> # R_flag <- paste0("-A ", '"', rev, ";min_overlap = ", round((0.75 * nchar(rev)), 0), ";e=0.2;required",'...', fwd_rc, ";min_overlap = ", round((0.75 * nchar(fwd_rc)), 0), ";optional", '"') 
> 
> F_flag 
[1] "-a \"CTYGGTCATTTAGAGGAAGTAA;min_overlap = 20;required...GCATCGATGAAGAACGCAGC;min_overlap = 18;optional\""
> R_flag
[1] "-A \"GCTGCGTTCTTCATCGATGC;min_overlap = 18;required...TTACTTCCTCTAAATGACCRAG;min_overlap = 20;optional\""
> 
> # run cutadapt
> for(i in seq_along(fqF_raw)) {
+   system2(cutadapt,
+           args = c(F_flag, R_flag,
+                    "-o", fqF_filterA[i], "-p", fqR_filterA[i],
+                    fqF_raw[i], fqR_raw[i],
+                    "--discard-untrimmed",
+                    "--minimum-length 1",  # drop empty reads
+                    "-j", 100))
+ }
This is cutadapt 5.0 with Python 3.12.10
Command line parameters: -a CTYGGTCATTTAGAGGAAGTAA;min_overlap = 20;required...GCATCGATGAAGAACGCAGC;min_overlap = 18;optional -A GCTGCGTTCTTCATCGATGC;min_overlap = 18;required...TTACTTCCTCTAAATGACCRAG;min_overlap = 20;optional -o /data/wangxinyu/HMP_ITS/cutadapt/linker_ITS3_ITS4_MK-SpikeSeq_default/MK-SpikeSeq_merged.1.fastq.gz -p /data/wangxinyu/HMP_ITS/cutadapt/linker_ITS3_ITS4_MK-SpikeSeq_default/MK-SpikeSeq_merged.2.fastq.gz /data/wangxinyu/HMP_ITS/data/MK-SpikeSeq/raw_merged/MK-SpikeSeq_merged.1.fastq.gz /data/wangxinyu/HMP_ITS/data/MK-SpikeSeq/raw_merged/MK-SpikeSeq_merged.2.fastq.gz --discard-untrimmed --minimum-length 1 -j 100
Processing paired-end reads on 100 cores ...

=== Summary ===

Total read pairs processed:          8,049,006
  Read 1 with adapter:               8,033,748 (99.8%)
  Read 2 with adapter:               6,079,751 (75.5%)

== Read fate breakdown ==
Pairs that were too short:                  22 (0.0%)
Pairs discarded as untrimmed:        1,979,793 (24.6%)
Pairs written (passing filters):     6,069,191 (75.4%)

Total basepairs processed: 4,829,403,600 bp
  Read 1: 2,414,701,800 bp
  Read 2: 2,414,701,800 bp
Total written (filtered):  3,016,081,759 bp (62.5%)
  Read 1: 1,503,477,546 bp
  Read 2: 1,512,604,213 bp

=== First read: Adapter 1 ===

Sequence: CTYGGTCATTTAGAGGAAGTAA...GCATCGATGAAGAACGCAGC; Type: linked; Length: 22+20; 5' trimmed: 8033748 times; 3' trimmed: 2675021 times

Minimum overlap: 20+18
No. of allowed errors:
1-9 bp: 0; 10-19 bp: 1; 20-22 bp: 2

No. of allowed errors:
1-9 bp: 0; 10-19 bp: 1; 20 bp: 2

Overview of removed sequences at 5' end
length	count	expect	max.err	error counts
24	1667	0.0	2	0 0 1667
25	343071	0.0	2	0 322749 20322
26	1368599	0.0	2	986055 366167 16377
27	1085261	0.0	2	838284 235439 11538
28	986327	0.0	2	839475 136632 10220
29	1309473	0.0	2	1092197 207297 9979
30	966563	0.0	2	716852 235254 14457
31	711354	0.0	2	484696 213210 13448
32	864982	0.0	2	638833 216301 9848
33	395745	0.0	2	387824 7299 622
34	668	0.0	2	13 539 116
35	2	0.0	2	0 0 2
36	1	0.0	2	1
37	3	0.0	2	1 2
39	1	0.0	2	1
40	1	0.0	2	1
41	1	0.0	2	1
42	2	0.0	2	1 1
45	3	0.0	2	2 1
46	1	0.0	2	0 1
47	1	0.0	2	1
48	1	0.0	2	0 1
51	1	0.0	2	1
53	1	0.0	2	1
55	1	0.0	2	1
56	2	0.0	2	2
58	1	0.0	2	1
62	2	0.0	2	1 1
63	2	0.0	2	1 1
67	1	0.0	2	0 1
68	2	0.0	2	2
70	1	0.0	2	1
71	2	0.0	2	0 2
72	1	0.0	2	1
75	1	0.0	2	1
78	1	0.0	2	0 0 1
79	1	0.0	2	0 1
81	1	0.0	2	0 1



Overview of removed sequences at 3' end
length	count	expect	max.err	error counts
17	2462	0.0	1	0 2462
18	1196	0.0	1	1100 95 1
19	2874	0.0	1	2655 212 7
20	1639	0.0	2	649 921 69
21	1027	0.0	2	413 573 41
22	128	0.0	2	102 23 3
23	104	0.0	2	59 44 1
24	1830	0.0	2	1723 82 25
25	1110	0.0	2	762 316 32
26	1900	0.0	2	1620 246 34
27	10121	0.0	2	9407 629 85
28	8518	0.0	2	7957 485 76
29	12389	0.0	2	11297 880 212
30	12783	0.0	2	11440 1160 183
31	19748	0.0	2	18334 1221 193
32	5406	0.0	2	5134 220 52
33	7753	0.0	2	7376 315 62
34	15639	0.0	2	14810 680 149
35	6400	0.0	2	1891 3945 564
36	6929	0.0	2	6239 618 72
37	12580	0.0	2	12022 469 89
38	16932	0.0	2	16084 717 131
39	8584	0.0	2	8211 303 70
40	5444	0.0	2	4826 569 49
41	8555	0.0	2	8128 354 73
42	11374	0.0	2	10826 424 124
43	107561	0.0	2	102803 3963 795
44	77198	0.0	2	74224 2418 556
45	9512	0.0	2	8437 974 101
46	205402	0.0	2	197796 6156 1450
47	2706	0.0	2	2530 130 46
48	87326	0.0	2	84559 2183 584
49	141840	0.0	2	137348 3656 836
50	3714	0.0	2	3479 185 50
51	905	0.0	2	853 41 11
52	6131	0.0	2	5871 217 43
53	10059	0.0	2	9458 517 84
54	112821	0.0	2	108408 3564 849
55	18190	0.0	2	17300 714 176
56	423424	0.0	2	408237 12268 2919
57	608724	0.0	2	587027 17412 4285
58	472489	0.0	2	456412 12737 3340
59	48981	0.0	2	47110 1434 437
60	93648	0.0	2	90612 2451 585
61	16803	0.0	2	16029 637 137
62	355	0.0	2	329 23 3
63	820	0.0	2	771 43 6
64	229	0.0	2	211 14 4
65	26	0.0	2	23 3
66	8	0.0	2	8
68	512	0.0	2	487 21 4
69	9	0.0	2	9
70	100	0.0	2	6 91 3
71	2	0.0	2	1 1
72	2	0.0	2	1 1
74	1	0.0	2	1
75	364	0.0	2	350 11 3
76	1	0.0	2	1
77	620	0.0	2	594 23 3
78	11	0.0	2	10 1
79	2188	0.0	2	2098 76 14
80	5254	0.0	2	4997 226 31
81	6539	0.0	2	6261 246 32
82	3325	0.0	2	3182 119 24
83	2659	0.0	2	2494 144 21
84	3009	0.0	2	2910 80 19
85	3247	0.0	2	3133 95 19
86	2868	0.0	2	2748 87 33
87	26	0.0	2	23 3
88	22	0.0	2	18 4
89	1	0.0	2	1
90	928	0.0	2	891 30 7
91	36	0.0	2	36
92	4	0.0	2	4
93	5	0.0	2	5
94	5	0.0	2	5
95	36	0.0	2	33 3
96	2609	0.0	2	2396 196 17
97	39	0.0	2	35 4
98	283	0.0	2	10 263 10
99	659	0.0	2	626 27 6
100	12	0.0	2	11 1
101	6	0.0	2	4 1 1
105	5	0.0	2	5
106	1966	0.0	2	1881 69 16
107	832	0.0	2	791 32 9
108	14	0.0	2	8 6
110	8	0.0	2	7 1
111	2	0.0	2	2
115	1	0.0	2	1
120	111	0.0	2	102 7 2
122	1	0.0	2	1
124	4	0.0	2	4
129	5	0.0	2	1 4
130	752	0.0	2	33 694 25
131	429	0.0	2	31 386 12
132	6	0.0	2	0 6
133	3	0.0	2	3
134	1648	0.0	2	1595 47 6
135	11	0.0	2	10 0 1
136	6	0.0	2	5 0 1
151	1	0.0	2	1
154	1	0.0	2	0 1
160	1	0.0	2	0 1
161	2	0.0	2	0 1 1
165	21	0.0	2	0 0 21
166	1	0.0	2	0 0 1
170	1	0.0	2	1
174	1	0.0	2	1
180	155	0.0	2	0 0 155
181	4	0.0	2	0 0 4
182	2	0.0	2	0 0 2
188	1	0.0	2	1
190	1	0.0	2	0 1
191	1	0.0	2	1
202	1	0.0	2	1
218	1	0.0	2	0 1
222	2	0.0	2	0 1 1
223	1	0.0	2	1
224	2	0.0	2	0 1 1
225	3	0.0	2	1 0 2
226	3	0.0	2	0 1 2
227	2	0.0	2	0 0 2
228	5	0.0	2	1 2 2
229	12	0.0	2	3 5 4
230	4	0.0	2	1 1 2
231	4	0.0	2	0 3 1
232	8	0.0	2	3 3 2
233	2	0.0	2	2
234	2	0.0	2	0 0 2
235	2	0.0	2	0 1 1
236	114	0.0	2	0 109 5
237	2	0.0	2	2
238	1	0.0	2	0 0 1
239	1	0.0	2	1
240	1	0.0	2	0 0 1
242	4	0.0	2	0 3 1
243	2	0.0	2	1 0 1
244	1	0.0	2	1
245	1	0.0	2	0 0 1
246	1	0.0	2	0 0 1
248	4	0.0	2	0 2 2
250	1	0.0	2	0 0 1
252	1	0.0	2	0 1
254	1	0.0	2	0 0 1
255	4	0.0	2	4
258	2	0.0	2	0 2
259	1	0.0	2	0 0 1
260	34	0.0	2	0 1 33
261	1	0.0	2	0 1
262	266	0.0	2	260 6
264	2	0.0	2	1 1
265	458	0.0	2	439 19
266	218	0.0	2	206 7 5
267	167	0.0	2	114 22 31
268	2	0.0	2	2
270	1	0.0	2	0 1


=== Second read: Adapter 2 ===

Sequence: GCTGCGTTCTTCATCGATGC...TTACTTCCTCTAAATGACCRAG; Type: linked; Length: 20+22; 5' trimmed: 6079751 times; 3' trimmed: 2638221 times

Minimum overlap: 18+20
No. of allowed errors:
1-9 bp: 0; 10-19 bp: 1; 20 bp: 2

No. of allowed errors:
1-9 bp: 0; 10-19 bp: 1; 20-22 bp: 2

Overview of removed sequences at 5' end
length	count	expect	max.err	error counts
22	96	0.0	2	0 0 96
23	1603	0.0	2	0 1394 209
24	1098053	0.0	2	1060658 36022 1373
25	1223869	0.0	2	1144423 77506 1940
26	1033725	0.0	2	964436 67322 1967
27	1065457	0.0	2	1016272 47272 1913
28	505339	0.0	2	470364 33806 1169
29	459765	0.0	2	416991 41504 1270
30	365284	0.0	2	351353 13324 607
31	326144	0.0	2	317255 8442 447
32	391	0.0	2	51 329 11
35	1	0.0	2	0 0 1
37	4	0.0	2	2 1 1
39	2	0.0	2	2
40	1	0.0	2	1
41	2	0.0	2	1 1
42	3	0.0	2	2 1
44	2	0.0	2	2
50	1	0.0	2	1
52	1	0.0	2	0 0 1
53	1	0.0	2	1
54	2	0.0	2	1 1
68	2	0.0	2	0 1 1
71	1	0.0	2	1
73	1	0.0	2	1
77	1	0.0	2	1



Overview of removed sequences at 3' end
length	count	expect	max.err	error counts
18	1816	0.0	1	0 0 1816
19	3114	0.0	1	0 2672 442
20	2856	0.0	2	2152 530 174
21	4018	0.0	2	3150 658 210
22	942	0.0	2	13 770 159
23	669	0.0	2	492 132 45
24	640	0.0	2	510 98 32
25	2792	0.0	2	2057 563 172
26	1070	0.0	2	772 220 78
27	1840	0.0	2	1501 245 94
28	47	0.0	2	33 10 4
29	7708	0.0	2	6493 977 238
30	8282	0.0	2	7082 978 222
31	6362	0.0	2	5425 720 217
32	7149	0.0	2	5949 956 244
33	23127	0.0	2	19936 2531 660
34	8784	0.0	2	7302 1139 343
35	15018	0.0	2	12841 1694 483
36	15037	0.0	2	12517 1878 642
37	5580	0.0	2	4766 640 174
38	3284	0.0	2	2802 384 98
39	5025	0.0	2	4397 493 135
40	5299	0.0	2	4449 632 218
41	8653	0.0	2	7438 947 268
42	13299	0.0	2	11484 1442 373
43	14729	0.0	2	13185 1261 283
44	46737	0.0	2	43236 2847 654
45	46030	0.0	2	41988 3330 712
46	62285	0.0	2	57732 3821 732
47	73516	0.0	2	68468 4198 850
48	121580	0.0	2	113541 6834 1205
49	97683	0.0	2	91822 4961 900
50	122124	0.0	2	114180 6634 1310
51	68093	0.0	2	63915 3506 672
52	2955	0.0	2	2621 254 80
53	4953	0.0	2	4484 376 93
54	1524	0.0	2	1361 134 29
55	120370	0.0	2	111531 7348 1491
56	91519	0.0	2	85947 4647 925
57	129196	0.0	2	121327 6628 1241
58	103502	0.0	2	96457 5785 1260
59	250063	0.0	2	234061 13428 2574
60	327330	0.0	2	310338 14374 2618
61	381603	0.0	2	360611 17475 3517
62	365610	0.0	2	345524 17032 3054
63	8606	0.0	2	8037 442 127
64	2496	0.0	2	2310 157 29
65	1230	0.0	2	1155 69 6
66	33	0.0	2	31 2
67	8	0.0	2	6 2
68	6	0.0	2	6
71	102	0.0	2	7 91 4
72	3	0.0	2	1 2
73	3	0.0	2	2 1
74	501	0.0	2	480 19 2
75	5	0.0	2	4 1
76	2	0.0	2	2
77	1	0.0	2	1
80	2	0.0	2	2
81	1036	0.0	2	994 40 2
82	578	0.0	2	545 29 4
83	1481	0.0	2	1426 46 9
84	552	0.0	2	514 34 4
85	2922	0.0	2	2783 126 13
86	8130	0.0	2	7747 340 43
87	9379	0.0	2	8890 430 59
88	3108	0.0	2	2976 119 13
89	926	0.0	2	891 33 2
90	1870	0.0	2	1785 71 14
91	574	0.0	2	423 28 123
92	36	0.0	2	5 0 31
93	3	0.0	2	3
94	3	0.0	2	3
95	45	0.0	2	9 0 36
96	18	0.0	2	1 4 13
97	2441	0.0	2	251 2096 94
98	51	0.0	2	18 31 2
99	10	0.0	2	4 6
100	3	0.0	2	3
101	284	0.0	2	273 9 2
102	758	0.0	2	738 18 2
103	13	0.0	2	13
104	2	0.0	2	2
105	2	0.0	2	2
107	4	0.0	2	4
108	2	0.0	2	2
109	1919	0.0	2	1838 66 15
110	817	0.0	2	790 22 5
111	23	0.0	2	18 0 5
114	1	0.0	2	1
116	1	0.0	2	1
118	102	0.0	2	13 1 88
119	1	0.0	2	1
120	1	0.0	2	0 0 1
128	418	0.0	2	401 16 1
129	4	0.0	2	4
130	5	0.0	2	2 1 2
131	743	0.0	2	718 19 6
132	10	0.0	2	10
133	2	0.0	2	2
135	1627	0.0	2	1586 37 4
136	11	0.0	2	11
137	6	0.0	2	6
154	1	0.0	2	1
160	2	0.0	2	2
163	1	0.0	2	1
169	23	0.0	2	21 2
172	1	0.0	2	1
180	154	0.0	2	145 9
181	3	0.0	2	3
182	2	0.0	2	2
191	1	0.0	2	0 1
192	1	0.0	2	1
194	1	0.0	2	1
205	1	0.0	2	1
222	1	0.0	2	1
225	1	0.0	2	1
227	1	0.0	2	0 1
228	2	0.0	2	1 1
229	2	0.0	2	0 2
233	1	0.0	2	0 0 1
234	1	0.0	2	0 1
236	1	0.0	2	0 0 1
238	107	0.0	2	103 3 1
241	2	0.0	2	0 2
242	1	0.0	2	0 1
243	1	0.0	2	1
244	4	0.0	2	0 3 1
245	1	0.0	2	0 1
246	1	0.0	2	0 0 1
247	1	0.0	2	0 1
248	4	0.0	2	2 2
249	2	0.0	2	0 2
251	1	0.0	2	0 1
253	3	0.0	2	0 3
256	1	0.0	2	0 1
257	4	0.0	2	0 4
258	3	0.0	2	0 3
261	2	0.0	2	0 1 1
264	64	0.0	2	0 33 31
265	197	0.0	2	0 0 197
266	1	0.0	2	0 0 1
267	266	0.0	2	256 9 1
269	11	0.0	2	0 2 9
270	4	0.0	2	0 3 1
271	503	0.0	2	2 448 53
272	8	0.0	2	2 6
273	88	0.0	2	15 70 3
274	1	0.0	2	0 1
276	6	0.0	2	0 1 5
> 
> 
