nohup: ignoring input
> 
> library(dada2)
Loading required package: Rcpp
> cutadapt <- "/home/wangxinyu/miniconda3/envs/fq/bin/cutadapt"
> 
> # define the input folder
> # HMP
> # path_in <- "/data/wangxinyu/HMP_ITS/data/PRJNA356769_ITS2/0_raw_merged" 
> 
> # GNHS
> path_in <- "/data/wangxinyu/HMP_ITS/data/GNHS/raw_merged" 
> 
> # MK-SpikeSeq
> # path_in <- "/data/wangxinyu/HMP_ITS/data/MK-SpikeSeq/raw_merged"
> 
> 
> # define the pattern of fastq file
> pattern_F = ".1.fastq.gz" 
> pattern_R = ".2.fastq.gz"
> 
> fqF_raw <- sort(list.files(path_in, pattern = pattern_F, full.names = TRUE))
> fqR_raw <- sort(list.files(path_in, pattern = pattern_R, full.names = TRUE))
> head(fqF_raw)
[1] "/data/wangxinyu/HMP_ITS/data/GNHS/raw_merged/GNHS_250_merged.1.fastq.gz"
> head(fqR_raw)
[1] "/data/wangxinyu/HMP_ITS/data/GNHS/raw_merged/GNHS_250_merged.2.fastq.gz"
> 
> path_filterA <- "/data/wangxinyu/HMP_ITS/cutadapt/linker_ITS3_ITS4_GNHS_default"
> if(!dir.exists(path_filterA)) {dir.create(path_filterA)}
> 
> # deine the output folder
> fqF_filterA <- file.path(path_filterA, basename(fqF_raw))
> fqR_filterA <- file.path(path_filterA, basename(fqR_raw))
> 
> # construct the cutadapt flag
> fwd <- "GCATCGATGAAGAACGCAGC" #ITS3
> rev <- "TCCTCCGCTTATTGATATGC" #ITS4
> 
> # fwd <- "CTYGGTCATTTAGAGGAAGTAA" #ITS1F (modified)
> # rev <- "GCTGCGTTCTTCATCGATGC" #ITS2
> 
> fwd_rc <- dada2:::rc(fwd)
> rev_rc <- dada2:::rc(rev)
> 
> # default
> F_flag <- paste0("-a ", '"', fwd, ";min_overlap = ", round((0.9 * nchar(fwd)), 0), ";required",'...', rev_rc, ";min_overlap = ", round((0.9 * nchar(rev_rc)), 0), ";optional", '"') 
> R_flag <- paste0("-A ", '"', rev, ";min_overlap = ", round((0.9 * nchar(rev)), 0), ";required",'...', fwd_rc, ";min_overlap = ", round((0.9 * nchar(fwd_rc)), 0), ";optional", '"') 
> 
> # relax 
> # F_flag <- paste0("-a ", '"', fwd, ";min_overlap = ", round((0.75 * nchar(fwd)), 0), ";e=0.2;required",'...', rev_rc, ";min_overlap = ", round((0.75 * nchar(rev_rc)), 0), ";optional", '"') 
> # R_flag <- paste0("-A ", '"', rev, ";min_overlap = ", round((0.75 * nchar(rev)), 0), ";e=0.2;required",'...', fwd_rc, ";min_overlap = ", round((0.75 * nchar(fwd_rc)), 0), ";optional", '"') 
> 
> F_flag 
[1] "-a \"GCATCGATGAAGAACGCAGC;min_overlap = 18;required...GCATATCAATAAGCGGAGGA;min_overlap = 18;optional\""
> R_flag
[1] "-A \"TCCTCCGCTTATTGATATGC;min_overlap = 18;required...GCTGCGTTCTTCATCGATGC;min_overlap = 18;optional\""
> 
> # run cutadapt
> for(i in seq_along(fqF_raw)) {
+   system2(cutadapt,
+           args = c(F_flag, R_flag,
+                    "-o", fqF_filterA[i], "-p", fqR_filterA[i],
+                    fqF_raw[i], fqR_raw[i],
+                    "--discard-untrimmed",
+                    "--minimum-length 1",  # drop empty reads
+                    "-j", 100))
+ }
This is cutadapt 5.0 with Python 3.12.10
Command line parameters: -a GCATCGATGAAGAACGCAGC;min_overlap = 18;required...GCATATCAATAAGCGGAGGA;min_overlap = 18;optional -A TCCTCCGCTTATTGATATGC;min_overlap = 18;required...GCTGCGTTCTTCATCGATGC;min_overlap = 18;optional -o /data/wangxinyu/HMP_ITS/cutadapt/linker_ITS3_ITS4_GNHS_default/GNHS_250_merged.1.fastq.gz -p /data/wangxinyu/HMP_ITS/cutadapt/linker_ITS3_ITS4_GNHS_default/GNHS_250_merged.2.fastq.gz /data/wangxinyu/HMP_ITS/data/GNHS/raw_merged/GNHS_250_merged.1.fastq.gz /data/wangxinyu/HMP_ITS/data/GNHS/raw_merged/GNHS_250_merged.2.fastq.gz --discard-untrimmed --minimum-length 1 -j 100
Processing paired-end reads on 100 cores ...

=== Summary ===

Total read pairs processed:         14,280,561
  Read 1 with adapter:              14,279,777 (100.0%)
  Read 2 with adapter:              14,158,808 (99.1%)

== Read fate breakdown ==
Pairs that were too short:                 825 (0.0%)
Pairs discarded as untrimmed:          122,532 (0.9%)
Pairs written (passing filters):    14,157,204 (99.1%)

Total basepairs processed: 8,596,897,722 bp
  Read 1: 4,298,448,861 bp
  Read 2: 4,298,448,861 bp
Total written (filtered):  7,617,594,932 bp (88.6%)
  Read 1: 3,808,820,904 bp
  Read 2: 3,808,774,028 bp

=== First read: Adapter 1 ===

Sequence: GCATCGATGAAGAACGCAGC...GCATATCAATAAGCGGAGGA; Type: linked; Length: 20+20; 5' trimmed: 14279777 times; 3' trimmed: 1177681 times

Minimum overlap: 18+18
No. of allowed errors:
1-9 bp: 0; 10-19 bp: 1; 20 bp: 2

No. of allowed errors:
1-9 bp: 0; 10-19 bp: 1; 20 bp: 2

Overview of removed sequences at 5' end
length	count	expect	max.err	error counts
24	4144	0.0	2	0 4139 5
25	4418381	0.0	2	4165033 199529 53819
26	3851061	0.0	2	3527568 276375 47118
27	3058552	0.0	2	2782346 228184 48022
28	2947459	0.0	2	2736935 179942 30582
29	180	0.0	2	0 177 3



Overview of removed sequences at 3' end
length	count	expect	max.err	error counts
17	641	0.0	1	0 641
18	964	0.0	1	866 85 13
19	4947	0.0	1	1761 2653 533
20	2619	0.0	2	1864 589 166
21	5388	0.0	2	3773 1261 354
22	34498	0.0	2	32045 2031 422
23	64781	0.0	2	59537 4339 905
24	12795	0.0	2	5974 3713 3108
25	14154	0.0	2	11165 2122 867
26	2339	0.0	2	1327 865 147
27	2559	0.0	2	2357 177 25
28	5046	0.0	2	4451 500 95
29	36194	0.0	2	34180 1745 269
30	16001	0.0	2	11496 4060 445
31	17623	0.0	2	15287 1823 513
32	6853	0.0	2	5725 1065 63
33	659	0.0	2	569 79 11
34	9662	0.0	2	3995 5463 204
35	2729	0.0	2	2017 552 160
36	2374	0.0	2	1775 191 408
37	1406	0.0	2	1313 64 29
38	11633	0.0	2	10660 759 214
39	14575	0.0	2	13692 729 154
40	8779	0.0	2	8173 506 100
41	11166	0.0	2	3399 184 7583
42	4426	0.0	2	3505 244 677
43	41908	0.0	2	37061 2940 1907
44	3634	0.0	2	1853 122 1659
45	28466	0.0	2	25253 2286 927
46	1166	0.0	2	1028 67 71
47	1941	0.0	2	1721 145 75
48	472	0.0	2	431 33 8
49	3209	0.0	2	1959 1160 90
50	444	0.0	2	321 109 14
51	4479	0.0	2	4076 282 121
52	5282	0.0	2	4571 616 95
53	2678	0.0	2	2451 166 61
54	2637	0.0	2	1164 569 904
55	683	0.0	2	611 30 42
56	1599	0.0	2	1131 124 344
57	3742	0.0	2	3521 194 27
58	4345	0.0	2	4070 230 45
59	1739	0.0	2	1626 55 58
60	8679	0.0	2	8258 369 52
61	2624	0.0	2	2487 110 27
62	6300	0.0	2	5917 314 69
63	830	0.0	2	186 362 282
64	587	0.0	2	341 229 17
65	7903	0.0	2	498 7195 210
66	9495	0.0	2	1546 7726 223
67	23912	0.0	2	1513 21715 684
68	1938	0.0	2	1440 484 14
69	766	0.0	2	721 45
70	2587	0.0	2	2446 125 16
71	2492	0.0	2	2225 242 25
72	1766	0.0	2	1227 31 508
73	6401	0.0	2	1791 126 4484
74	11999	0.0	2	11545 419 35
75	2966	0.0	2	2702 109 155
76	71212	0.0	2	68759 2247 206
77	75883	0.0	2	73320 2380 183
78	121260	0.0	2	116401 4496 363
79	38522	0.0	2	36877 1531 114
80	6941	0.0	2	6727 201 13
81	541	0.0	2	486 23 32
82	6805	0.0	2	6516 246 43
83	8873	0.0	2	2443 168 6262
84	15394	0.0	2	14914 449 31
85	1313	0.0	2	1210 78 25
86	2956	0.0	2	2727 140 89
87	36407	0.0	2	34557 1764 86
88	64290	0.0	2	61981 1946 363
89	30900	0.0	2	29391 735 774
90	47946	0.0	2	46594 1292 60
91	385	0.0	2	365 13 7
92	839	0.0	2	190 47 602
93	2595	0.0	2	2191 81 323
94	795	0.0	2	490 50 255
95	1047	0.0	2	525 320 202
96	18287	0.0	2	355 1007 16925
97	1115	0.0	2	526 309 280
98	6264	0.0	2	2523 3547 194
99	294	0.0	2	241 36 17
100	305	0.0	2	177 20 108
101	162	0.0	2	151 2 9
102	377	0.0	2	351 23 3
103	3151	0.0	2	3022 122 7
104	4423	0.0	2	2753 84 1586
105	20481	0.0	2	19895 497 89
106	10559	0.0	2	10308 231 20
107	259	0.0	2	202 28 29
108	4675	0.0	2	4427 225 23
109	523	0.0	2	497 19 7
110	4444	0.0	2	2562 1315 567
111	7710	0.0	2	7403 268 39
112	965	0.0	2	582 342 41
113	4456	0.0	2	287 4117 52
114	2413	0.0	2	2319 89 5
115	747	0.0	2	646 93 8
116	1120	0.0	2	988 35 97
117	4137	0.0	2	3982 142 13
118	6641	0.0	2	6379 245 17
119	1342	0.0	2	1242 90 10
120	2181	0.0	2	1081 1073 27
121	615	0.0	2	539 33 43
122	1183	0.0	2	1104 50 29
123	3709	0.0	2	3539 157 13
124	743	0.0	2	545 164 34
125	1605	0.0	2	704 851 50
126	617	0.0	2	349 252 16
127	3381	0.0	2	2918 453 10
128	10328	0.0	2	9297 1010 21
129	2071	0.0	2	1791 256 24
130	583	0.0	2	515 64 4
131	765	0.0	2	529 147 89
132	492	0.0	2	168 23 301
133	3174	0.0	2	2964 105 105
134	1117	0.0	2	553 28 536
135	8888	0.0	2	8518 190 180
136	1287	0.0	2	1261 25 1
152	1	0.0	2	0 1
158	1	0.0	2	1
163	1	0.0	2	1
169	1	0.0	2	0 1
178	2	0.0	2	0 1 1
185	1	0.0	2	1
186	2	0.0	2	2
188	4	0.0	2	4
191	3	0.0	2	2 1
192	4	0.0	2	4
193	1	0.0	2	1
194	1	0.0	2	1
205	1	0.0	2	1
209	13	0.0	2	12 1
210	1	0.0	2	1
211	2	0.0	2	2
215	1	0.0	2	1
216	10	0.0	2	10
217	1	0.0	2	1
218	1	0.0	2	1
226	1	0.0	2	1
239	1	0.0	2	1
241	1	0.0	2	1
249	1	0.0	2	1
255	1	0.0	2	1
256	1	0.0	2	1
257	3	0.0	2	3
258	4	0.0	2	3 1
259	2	0.0	2	2
260	1	0.0	2	1
266	3	0.0	2	3
267	1	0.0	2	1
268	1	0.0	2	0 0 1
269	2	0.0	2	2
270	4	0.0	2	4
271	6	0.0	2	6
272	4	0.0	2	4
273	45	0.0	2	1 0 44
274	27	0.0	2	13 0 14
275	22	0.0	2	1 0 21
276	525	0.0	2	0 0 525


=== Second read: Adapter 2 ===

Sequence: TCCTCCGCTTATTGATATGC...GCTGCGTTCTTCATCGATGC; Type: linked; Length: 20+20; 5' trimmed: 14158808 times; 3' trimmed: 1179973 times

Minimum overlap: 18+18
No. of allowed errors:
1-9 bp: 0; 10-19 bp: 1; 20 bp: 2

No. of allowed errors:
1-9 bp: 0; 10-19 bp: 1; 20 bp: 2

Overview of removed sequences at 5' end
length	count	expect	max.err	error counts
21	3	0.0	2	0 3
22	21	0.0	2	0 10 11
23	2895	0.0	2	0 22 2873
24	22968	0.0	2	458 18060 4450
25	4356736	0.0	2	4209253 123848 23635
26	3794428	0.0	2	3622806 147362 24260
27	3060299	0.0	2	2885488 142447 32364
28	2910507	0.0	2	2776281 123624 10602
29	10911	0.0	2	903 5349 4659
30	21	0.0	2	2 9 10
31	1	0.0	2	1
32	1	0.0	2	0 0 1
36	2	0.0	2	2
39	1	0.0	2	0 0 1
40	3	0.0	2	2 1
41	1	0.0	2	0 1
42	1	0.0	2	1
44	2	0.0	2	1 1
45	1	0.0	2	1
46	2	0.0	2	2
47	1	0.0	2	1
299	2	0.0	2	0 1 1
300	1	0.0	2	1



Overview of removed sequences at 3' end
length	count	expect	max.err	error counts
17	1091	0.0	1	0 1091
18	2973	0.0	1	2725 243 5
19	3990	0.0	1	3443 517 30
20	3145	0.0	2	947 862 1336
21	5451	0.0	2	3902 859 690
22	34434	0.0	2	24756 1507 8171
23	64484	0.0	2	57701 4007 2776
24	6646	0.0	2	5340 692 614
25	19648	0.0	2	11254 7134 1260
26	2739	0.0	2	1597 1025 117
27	2846	0.0	2	2093 691 62
28	5051	0.0	2	4517 471 63
29	36099	0.0	2	33699 2080 320
30	16021	0.0	2	14514 1349 158
31	18611	0.0	2	15173 3023 415
32	6012	0.0	2	5549 314 149
33	6092	0.0	2	436 5470 186
34	4250	0.0	2	3909 308 33
35	2613	0.0	2	2298 211 104
36	2127	0.0	2	660 1393 74
37	1790	0.0	2	1457 195 138
38	11603	0.0	2	10721 817 65
39	14530	0.0	2	13578 832 120
40	8839	0.0	2	8392 362 85
41	3649	0.0	2	3364 262 23
42	3892	0.0	2	3239 225 428
43	48568	0.0	2	38701 9454 413
44	2563	0.0	2	1977 442 144
45	28972	0.0	2	26141 2608 223
46	3239	0.0	2	1264 1829 146
47	2170	0.0	2	1852 265 53
48	1561	0.0	2	1409 121 31
49	2180	0.0	2	1983 131 66
50	446	0.0	2	414 29 3
51	4480	0.0	2	3548 896 36
52	5286	0.0	2	4957 292 37
53	2708	0.0	2	2468 219 21
54	1759	0.0	2	1649 95 15
55	938	0.0	2	618 295 25
56	2152	0.0	2	1120 317 715
57	3743	0.0	2	3485 242 16
58	4424	0.0	2	4088 248 88
59	1744	0.0	2	1693 47 4
60	8655	0.0	2	8356 281 18
61	2624	0.0	2	1590 995 39
62	6255	0.0	2	1165 4859 231
63	861	0.0	2	441 49 371
64	634	0.0	2	367 35 232
65	7897	0.0	2	7163 468 266
66	9523	0.0	2	8948 541 34
67	23914	0.0	2	22596 1169 149
68	1898	0.0	2	1742 114 42
69	823	0.0	2	756 65 2
70	2688	0.0	2	2337 326 25
71	2421	0.0	2	2233 180 8
72	1259	0.0	2	1191 62 6
73	2400	0.0	2	1839 533 28
74	16446	0.0	2	11964 4217 265
75	2995	0.0	2	2855 120 20
76	71138	0.0	2	68647 2394 97
77	75950	0.0	2	72572 3220 158
78	120987	0.0	2	110816 9054 1117
79	38773	0.0	2	37285 1397 91
80	6999	0.0	2	1005 4932 1062
81	512	0.0	2	247 246 19
82	6772	0.0	2	6440 314 18
83	8889	0.0	2	2431 6329 129
84	15364	0.0	2	11535 3624 205
85	1324	0.0	2	603 284 437
86	3005	0.0	2	1057 1662 286
87	35527	0.0	2	33784 1647 96
88	64973	0.0	2	61766 2985 222
89	30873	0.0	2	29866 925 82
90	47905	0.0	2	45652 2068 185
91	522	0.0	2	302 102 118
92	781	0.0	2	725 51 5
93	2899	0.0	2	2455 141 303
94	844	0.0	2	719 115 10
95	16988	0.0	2	536 59 16393
96	1169	0.0	2	611 333 225
97	1674	0.0	2	983 60 631
98	6379	0.0	2	379 24 5976
99	506	0.0	2	328 12 166
100	311	0.0	2	291 18 2
101	161	0.0	2	146 9 6
102	387	0.0	2	348 37 2
103	4748	0.0	2	2283 1859 606
104	2928	0.0	2	148 2711 69
105	20383	0.0	2	214 19320 849
106	10568	0.0	2	1972 8376 220
107	277	0.0	2	86 176 15
108	4691	0.0	2	4393 293 5
109	493	0.0	2	237 246 10
110	4462	0.0	2	4313 140 9
111	7665	0.0	2	6794 832 39
112	1011	0.0	2	772 32 207
113	4481	0.0	2	4221 250 10
114	2390	0.0	2	2289 88 13
115	746	0.0	2	678 65 3
116	1028	0.0	2	1004 24
117	4128	0.0	2	3986 136 6
118	6719	0.0	2	6426 284 9
119	1452	0.0	2	1291 157 4
120	2152	0.0	2	1216 915 21
121	519	0.0	2	478 29 12
122	1246	0.0	2	1147 93 6
123	3668	0.0	2	3492 142 34
124	746	0.0	2	697 46 3
125	1658	0.0	2	1515 141 2
126	578	0.0	2	181 280 117
127	3170	0.0	2	2789 148 233
128	10389	0.0	2	3244 1373 5772
129	2123	0.0	2	345 1519 259
130	702	0.0	2	519 170 13
131	665	0.0	2	514 113 38
132	211	0.0	2	82 123 6
133	3128	0.0	2	3004 81 43
134	999	0.0	2	986 8 5
135	9220	0.0	2	8939 267 14
136	1455	0.0	2	1417 38
137	2	0.0	2	0 2
148	1	0.0	2	1
169	15	0.0	2	15
171	1	0.0	2	1
177	10	0.0	2	0 5 5
178	9	0.0	2	0 4 5
185	1	0.0	2	1
191	2	0.0	2	2
194	1	0.0	2	1
206	1	0.0	2	1
211	1	0.0	2	1
221	1	0.0	2	1
226	6	0.0	2	1 0 5
230	5	0.0	2	0 0 5
231	3	0.0	2	1 1 1
236	1	0.0	2	1
239	1	0.0	2	1
241	1	0.0	2	1
247	1	0.0	2	0 1
249	2	0.0	2	2
254	1	0.0	2	1
255	1	0.0	2	0 1
256	1	0.0	2	1
257	5	0.0	2	3 1 1
258	3	0.0	2	2 0 1
259	1	0.0	2	1
260	1	0.0	2	1
261	1	0.0	2	0 0 1
262	1	0.0	2	1
265	2	0.0	2	1 1
266	3	0.0	2	2 1
267	1	0.0	2	0 0 1
268	1	0.0	2	0 0 1
269	1	0.0	2	1
270	10	0.0	2	8 1 1
271	56	0.0	2	56
272	3	0.0	2	3
273	41	0.0	2	0 0 41
274	33	0.0	2	19 0 14
275	20	0.0	2	0 0 20
276	456	0.0	2	0 0 456
277	3	0.0	2	0 0 3
> 
> 
