nohup: ignoring input
> 
> library(dada2)
Loading required package: Rcpp
> cutadapt <- "/home/wangxinyu/miniconda3/envs/fq/bin/cutadapt"
> 
> # define the input folder
> # HMP
> path_in <- "/data/wangxinyu/HMP_ITS/data/PRJNA356769_ITS2/0_raw_merged" 
> 
> # GNHS
> # path_in <- "/data/wangxinyu/HMP_ITS/data/GNHS/raw_merged" 
> 
> # MK-SpikeSeq
> # path_in <- "/data/wangxinyu/HMP_ITS/data/MK-SpikeSeq/raw_merged"
> 
> 
> # define the pattern of fastq file
> pattern_F = ".1.fastq.gz" 
> pattern_R = ".2.fastq.gz"
> 
> fqF_raw <- sort(list.files(path_in, pattern = pattern_F, full.names = TRUE))
> fqR_raw <- sort(list.files(path_in, pattern = pattern_R, full.names = TRUE))
> head(fqF_raw)
[1] "/data/wangxinyu/HMP_ITS/data/PRJNA356769_ITS2/0_raw_merged/PRJNA356769_ITS2_merged.1.fastq.gz"
> head(fqR_raw)
[1] "/data/wangxinyu/HMP_ITS/data/PRJNA356769_ITS2/0_raw_merged/PRJNA356769_ITS2_merged.2.fastq.gz"
> 
> path_filterA <- "/data/wangxinyu/HMP_ITS/cutadapt/linker_ITS3_ITS4_HMP_relax"
> if(!dir.exists(path_filterA)) {dir.create(path_filterA)}
> 
> # deine the output folder
> fqF_filterA <- file.path(path_filterA, basename(fqF_raw))
> fqR_filterA <- file.path(path_filterA, basename(fqR_raw))
> 
> # construct the cutadapt flag
> fwd <- "GCATCGATGAAGAACGCAGC" #ITS3
> rev <- "TCCTCCGCTTATTGATATGC" #ITS4
> 
> # fwd <- "CTYGGTCATTTAGAGGAAGTAA" #ITS1F (modified)
> # rev <- "GCTGCGTTCTTCATCGATGC" #ITS2
> 
> fwd_rc <- dada2:::rc(fwd)
> rev_rc <- dada2:::rc(rev)
> 
> # default
> # F_flag <- paste0("-a ", '"', fwd, ";min_overlap = ", round((0.9 * nchar(fwd)), 0), ";required",'...', rev_rc, ";min_overlap = ", round((0.9 * nchar(rev_rc)), 0), ";optional", '"') 
> # R_flag <- paste0("-A ", '"', rev, ";min_overlap = ", round((0.9 * nchar(rev)), 0), ";required",'...', fwd_rc, ";min_overlap = ", round((0.9 * nchar(fwd_rc)), 0), ";optional", '"') 
> 
> # relax 
> F_flag <- paste0("-a ", '"', fwd, ";min_overlap = ", round((0.75 * nchar(fwd)), 0), ";e=0.2;required",'...', rev_rc, ";min_overlap = ", round((0.75 * nchar(rev_rc)), 0), ";optional", '"') 
> R_flag <- paste0("-A ", '"', rev, ";min_overlap = ", round((0.75 * nchar(rev)), 0), ";e=0.2;required",'...', fwd_rc, ";min_overlap = ", round((0.75 * nchar(fwd_rc)), 0), ";optional", '"') 
> F_flag 
[1] "-a \"GCATCGATGAAGAACGCAGC;min_overlap = 15;e=0.2;required...GCATATCAATAAGCGGAGGA;min_overlap = 15;optional\""
> R_flag
[1] "-A \"TCCTCCGCTTATTGATATGC;min_overlap = 15;e=0.2;required...GCTGCGTTCTTCATCGATGC;min_overlap = 15;optional\""
> 
> # run cutadapt
> for(i in seq_along(fqF_raw)) {
+   system2(cutadapt,
+           args = c(F_flag, R_flag,
+                    "-o", fqF_filterA[i], "-p", fqR_filterA[i],
+                    fqF_raw[i], fqR_raw[i],
+                    "--discard-untrimmed",
+                    "--minimum-length 1",  # drop empty reads
+                    "-j", 100))
+ }
This is cutadapt 5.0 with Python 3.12.10
Command line parameters: -a GCATCGATGAAGAACGCAGC;min_overlap = 15;e=0.2;required...GCATATCAATAAGCGGAGGA;min_overlap = 15;optional -A TCCTCCGCTTATTGATATGC;min_overlap = 15;e=0.2;required...GCTGCGTTCTTCATCGATGC;min_overlap = 15;optional -o /data/wangxinyu/HMP_ITS/cutadapt/linker_ITS3_ITS4_HMP_relax/PRJNA356769_ITS2_merged.1.fastq.gz -p /data/wangxinyu/HMP_ITS/cutadapt/linker_ITS3_ITS4_HMP_relax/PRJNA356769_ITS2_merged.2.fastq.gz /data/wangxinyu/HMP_ITS/data/PRJNA356769_ITS2/0_raw_merged/PRJNA356769_ITS2_merged.1.fastq.gz /data/wangxinyu/HMP_ITS/data/PRJNA356769_ITS2/0_raw_merged/PRJNA356769_ITS2_merged.2.fastq.gz --discard-untrimmed --minimum-length 1 -j 100
Processing paired-end reads on 100 cores ...

=== Summary ===

Total read pairs processed:         12,383,662
  Read 1 with adapter:                   1,330 (0.0%)
  Read 2 with adapter:                   2,824 (0.0%)

== Read fate breakdown ==
Pairs that were too short:                  28 (0.0%)
Pairs discarded as untrimmed:       12,383,633 (100.0%)
Pairs written (passing filters):             1 (0.0%)

Total basepairs processed: 7,297,989,200 bp
  Read 1: 3,648,994,600 bp
  Read 2: 3,648,994,600 bp
Total written (filtered):             77 bp (0.0%)
  Read 1:            24 bp
  Read 2:            53 bp

=== First read: Adapter 1 ===

Sequence: GCATCGATGAAGAACGCAGC...GCATATCAATAAGCGGAGGA; Type: linked; Length: 20+20; 5' trimmed: 1330 times; 3' trimmed: 5 times

Minimum overlap: 15+15
No. of allowed errors:
1-4 bp: 0; 5-9 bp: 1; 10-14 bp: 2; 15-19 bp: 3; 20 bp: 4

No. of allowed errors:
1-9 bp: 0; 10-19 bp: 1; 20 bp: 2

Overview of removed sequences at 5' end
length	count	expect	max.err	error counts
17	1	0.0	3	0 0 0 1
18	3	0.0	3	3
26	1	0.0	4	0 0 1
32	1	0.0	4	0 1
42	1	0.0	4	0 1
44	1	0.0	4	0 0 0 0 1
49	2	0.0	4	0 0 1 0 1
56	6	0.0	4	0 0 0 0 6
60	1	0.0	4	0 0 0 0 1
61	8	0.0	4	0 0 0 0 8
80	1	0.0	4	0 0 0 0 1
88	2	0.0	4	0 0 0 0 2
101	1	0.0	4	0 0 0 0 1
106	1	0.0	4	0 0 0 0 1
113	1	0.0	4	0 0 0 0 1
117	1	0.0	4	0 0 0 0 1
118	1	0.0	4	0 0 0 0 1
120	3	0.0	4	0 0 0 0 3
121	1	0.0	4	0 0 0 0 1
123	1	0.0	4	0 0 0 0 1
124	2	0.0	4	0 0 0 0 2
126	5	0.0	4	0 0 0 1 4
127	1	0.0	4	0 0 0 0 1
128	2	0.0	4	0 0 0 0 2
129	1	0.0	4	0 0 0 0 1
132	1	0.0	4	0 0 0 0 1
133	1	0.0	4	0 0 0 0 1
135	2	0.0	4	0 0 0 0 2
137	1	0.0	4	0 0 0 0 1
140	1	0.0	4	0 0 0 0 1
141	1	0.0	4	0 0 0 0 1
143	5	0.0	4	0 0 0 1 4
144	2	0.0	4	0 0 0 0 2
145	1	0.0	4	0 0 0 0 1
149	1	0.0	4	0 0 0 0 1
150	1	0.0	4	0 0 0 0 1
153	2	0.0	4	0 0 0 0 2
154	2	0.0	4	0 0 0 0 2
156	2	0.0	4	0 0 0 0 2
157	3	0.0	4	0 0 0 0 3
158	2	0.0	4	0 0 0 0 2
159	1	0.0	4	0 0 0 0 1
160	2	0.0	4	0 0 0 0 2
163	1	0.0	4	0 0 0 0 1
164	1	0.0	4	0 0 0 0 1
166	2	0.0	4	0 0 0 0 2
170	1	0.0	4	0 0 0 0 1
171	3	0.0	4	0 0 0 0 3
172	2	0.0	4	0 0 0 0 2
173	2	0.0	4	0 0 0 0 2
174	5	0.0	4	0 0 0 1 4
175	1	0.0	4	0 0 0 0 1
176	4	0.0	4	0 0 0 0 4
177	2	0.0	4	0 0 0 0 2
178	1	0.0	4	0 0 0 0 1
181	3	0.0	4	0 0 0 0 3
182	3	0.0	4	0 0 0 0 3
183	3	0.0	4	0 0 0 0 3
184	4	0.0	4	0 0 0 0 4
186	5	0.0	4	0 0 0 1 4
187	1	0.0	4	0 0 0 0 1
188	1	0.0	4	0 0 0 0 1
190	1	0.0	4	0 0 0 0 1
191	3	0.0	4	0 0 0 0 3
192	3	0.0	4	0 0 0 0 3
193	1	0.0	4	0 0 0 0 1
194	3	0.0	4	0 0 0 0 3
195	5	0.0	4	0 0 0 0 5
196	1	0.0	4	0 0 0 0 1
197	5	0.0	4	0 0 0 0 5
198	1	0.0	4	0 0 0 0 1
199	3	0.0	4	0 0 0 1 2
200	6	0.0	4	0 0 0 1 5
201	6	0.0	4	0 0 0 0 6
202	4	0.0	4	0 0 0 0 4
203	5	0.0	4	0 0 0 1 4
205	4	0.0	4	0 0 0 0 4
206	1	0.0	4	0 0 0 0 1
207	2	0.0	4	0 0 0 0 2
208	3	0.0	4	0 0 0 0 3
209	1	0.0	4	0 0 0 0 1
210	4	0.0	4	0 0 0 0 4
211	5	0.0	4	0 0 0 0 5
212	3	0.0	4	0 0 0 0 3
213	2	0.0	4	0 0 0 0 2
214	1	0.0	4	0 0 0 0 1
215	1	0.0	4	0 0 0 0 1
216	3	0.0	4	0 0 0 0 3
217	6	0.0	4	0 0 0 0 6
218	6	0.0	4	0 0 0 0 6
219	7	0.0	4	0 0 0 0 7
220	5	0.0	4	0 0 0 0 5
221	31	0.0	4	0 0 0 0 31
222	3	0.0	4	0 0 0 1 2
223	4	0.0	4	0 0 0 0 4
224	4	0.0	4	0 0 0 0 4
225	1	0.0	4	0 0 0 0 1
226	3	0.0	4	0 0 0 0 3
227	4	0.0	4	0 0 0 0 4
228	3	0.0	4	0 0 0 0 3
229	4	0.0	4	0 0 0 0 4
230	10	0.0	4	0 0 0 0 10
231	1	0.0	4	0 0 0 0 1
232	5	0.0	4	0 0 0 0 5
233	5	0.0	4	0 0 0 0 5
234	7	0.0	4	0 0 0 0 7
235	6	0.0	4	0 0 0 0 6
236	5	0.0	4	0 0 0 0 5
237	5	0.0	4	0 0 0 0 5
238	8	0.0	4	0 0 1 0 7
239	3	0.0	4	0 0 0 0 3
240	2	0.0	4	0 0 0 0 2
241	7	0.0	4	0 0 0 0 7
242	4	0.0	4	0 0 0 0 4
243	10	0.0	4	0 0 1 0 9
244	10	0.0	4	0 0 0 0 10
245	9	0.0	4	0 0 0 1 8
246	3	0.0	4	0 0 0 0 3
247	5	0.0	4	0 0 0 0 5
248	4	0.0	4	0 0 0 0 4
249	4	0.0	4	0 0 0 0 4
250	4	0.0	4	0 0 0 1 3
252	2	0.0	4	0 0 0 0 2
253	3	0.0	4	0 0 0 0 3
254	5	0.0	4	0 0 0 0 5
255	1	0.0	4	0 0 0 1
256	2	0.0	4	0 0 0 0 2
257	3	0.0	4	0 0 0 0 3
258	1	0.0	4	0 0 0 0 1
259	3	0.0	4	0 0 0 0 3
260	2	0.0	4	0 0 0 0 2
261	10	0.0	4	0 0 0 0 10
263	5	0.0	4	0 0 0 1 4
264	4	0.0	4	0 0 0 0 4
265	2	0.0	4	0 0 0 0 2
266	1	0.0	4	0 0 0 0 1
267	3	0.0	4	0 0 0 1 2
268	12	0.0	4	0 0 0 0 12
269	2	0.0	4	0 0 0 0 2
270	2	0.0	4	0 0 0 0 2
271	2	0.0	4	0 0 0 0 2
272	3	0.0	4	0 0 0 0 3
273	9	0.0	4	0 0 0 0 9
274	9	0.0	4	0 0 0 0 9
275	3	0.0	4	0 0 0 0 3
276	429	0.0	4	0 0 0 2 427
277	6	0.0	4	0 0 0 0 6
278	3	0.0	4	0 0 0 0 3
279	8	0.0	4	0 0 0 0 8
280	4	0.0	4	0 0 0 0 4
281	5	0.0	4	0 0 0 0 5
282	11	0.0	4	0 0 0 1 10
283	292	0.0	4	0 0 0 22 270
284	2	0.0	4	0 0 0 1 1
285	3	0.0	4	0 0 0 0 3
286	2	0.0	4	0 0 0 0 2
287	3	0.0	4	0 0 0 0 3
288	4	0.0	4	0 0 0 0 4
289	6	0.0	4	0 0 0 0 6
290	4	0.0	4	0 0 0 0 4
291	2	0.0	4	0 0 0 0 2
292	3	0.0	4	0 0 0 0 3
293	5	0.0	4	0 0 0 0 5
294	10	0.0	4	0 0 0 0 10
295	6	0.0	4	0 0 0 0 6
296	6	0.0	4	0 0 0 0 6
297	2	0.0	4	0 0 0 0 2
298	4	0.0	4	0 0 0 0 4
299	7	0.0	4	0 0 0 0 7
300	14	0.0	4	0 0 0 0 14



Overview of removed sequences at 3' end
length	count	expect	max.err	error counts
23	1	0.0	2	0 1
85	1	0.0	2	0 0 1
207	2	0.0	2	2
213	1	0.0	2	1


=== Second read: Adapter 2 ===

Sequence: TCCTCCGCTTATTGATATGC...GCTGCGTTCTTCATCGATGC; Type: linked; Length: 20+20; 5' trimmed: 2824 times; 3' trimmed: 676 times

Minimum overlap: 15+15
No. of allowed errors:
1-4 bp: 0; 5-9 bp: 1; 10-14 bp: 2; 15-19 bp: 3; 20 bp: 4

No. of allowed errors:
1-9 bp: 0; 10-19 bp: 1; 20 bp: 2

Overview of removed sequences at 5' end
length	count	expect	max.err	error counts
13	1	0.2	2	0 0 0 1
14	1	0.0	2	0 0 0 1
20	1	0.0	4	1
23	1	0.0	4	0 0 0 0 1
24	3	0.0	4	2 1
27	1	0.0	4	1
30	1	0.0	4	0 0 0 0 1
32	1	0.0	4	0 0 0 0 1
34	4	0.0	4	0 0 0 0 4
35	9	0.0	4	0 0 0 1 8
36	13	0.0	4	0 0 0 0 13
37	5	0.0	4	0 0 1 0 4
38	1	0.0	4	0 0 0 0 1
40	1	0.0	4	0 0 0 0 1
41	3	0.0	4	0 0 0 0 3
42	1	0.0	4	0 0 0 0 1
43	6	0.0	4	0 0 0 1 5
44	18	0.0	4	0 0 1 2 15
45	3	0.0	4	0 0 1 1 1
46	1	0.0	4	0 0 0 0 1
54	1	0.0	4	0 1
55	1	0.0	4	0 0 0 0 1
59	2	0.0	4	0 0 0 0 2
64	3	0.0	4	0 1 1 0 1
65	2	0.0	4	0 0 0 0 2
66	88	0.0	4	80 4 4
67	43	0.0	4	28 8 3 0 4
68	425	0.0	4	214 26 5 10 170
69	157	0.0	4	146 4 4 0 3
74	1	0.0	4	0 0 0 0 1
76	1	0.0	4	0 0 0 0 1
79	3	0.0	4	0 0 0 0 3
80	1	0.0	4	0 0 0 0 1
82	1	0.0	4	0 0 0 0 1
83	3	0.0	4	0 0 0 0 3
84	166	0.0	4	0 0 0 7 159
85	7	0.0	4	0 0 0 1 6
86	23	0.0	4	0 0 0 0 23
90	1	0.0	4	0 0 0 1
91	5	0.0	4	0 0 0 0 5
92	3	0.0	4	0 0 0 0 3
93	1	0.0	4	0 0 0 0 1
94	3	0.0	4	0 0 0 0 3
95	1	0.0	4	0 0 0 0 1
96	2	0.0	4	0 0 0 0 2
99	2	0.0	4	0 0 0 1 1
101	207	0.0	4	0 0 0 0 207
102	2	0.0	4	0 0 0 0 2
103	2	0.0	4	0 0 0 0 2
104	2	0.0	4	0 0 0 0 2
105	1	0.0	4	0 0 0 0 1
106	4	0.0	4	0 0 0 0 4
107	4	0.0	4	0 0 0 0 4
108	2	0.0	4	0 0 0 1 1
109	3	0.0	4	0 0 0 0 3
110	4	0.0	4	0 0 0 0 4
111	1	0.0	4	0 0 0 0 1
112	4	0.0	4	0 0 0 0 4
113	3	0.0	4	0 0 0 0 3
114	4	0.0	4	0 0 0 0 4
115	22	0.0	4	0 0 0 0 22
116	4	0.0	4	0 0 0 1 3
117	2	0.0	4	0 0 0 1 1
118	4	0.0	4	0 0 0 0 4
119	3	0.0	4	0 0 0 0 3
120	5	0.0	4	0 0 0 0 5
121	4	0.0	4	0 0 0 0 4
122	2	0.0	4	0 0 0 0 2
123	6	0.0	4	0 0 0 0 6
124	8	0.0	4	0 0 0 0 8
125	5	0.0	4	0 0 0 0 5
126	1	0.0	4	0 0 0 0 1
127	3	0.0	4	0 0 0 0 3
128	3	0.0	4	0 0 0 0 3
129	5	0.0	4	0 0 0 0 5
130	6	0.0	4	0 0 0 0 6
131	1	0.0	4	0 0 0 0 1
132	6	0.0	4	0 0 0 0 6
133	1	0.0	4	0 0 0 0 1
134	2	0.0	4	0 0 1 0 1
135	2	0.0	4	0 1 0 0 1
136	4	0.0	4	0 0 0 0 4
137	1	0.0	4	0 0 0 0 1
138	36	0.0	4	0 0 0 4 32
139	2	0.0	4	0 0 0 0 2
140	8	0.0	4	0 0 0 0 8
141	1	0.0	4	0 0 0 0 1
142	2	0.0	4	0 0 0 0 2
143	2	0.0	4	0 0 0 1 1
144	2	0.0	4	0 1 0 0 1
145	3	0.0	4	0 0 0 0 3
146	1	0.0	4	0 0 0 1
147	1	0.0	4	0 0 0 0 1
148	4	0.0	4	0 0 0 1 3
149	2	0.0	4	0 0 0 0 2
150	5	0.0	4	0 0 0 0 5
151	1	0.0	4	0 0 0 0 1
152	2	0.0	4	0 0 0 0 2
153	2	0.0	4	0 0 0 0 2
154	1	0.0	4	0 0 0 0 1
155	1	0.0	4	0 0 0 0 1
156	4	0.0	4	0 0 0 0 4
157	3	0.0	4	0 0 0 0 3
158	1	0.0	4	0 0 0 0 1
159	2	0.0	4	0 0 0 0 2
160	4	0.0	4	0 0 0 0 4
161	1	0.0	4	0 0 0 0 1
162	1	0.0	4	0 0 0 0 1
163	2	0.0	4	0 0 0 0 2
164	2	0.0	4	0 0 0 0 2
165	1	0.0	4	0 0 0 0 1
166	2	0.0	4	0 0 0 0 2
167	4	0.0	4	0 0 0 0 4
168	6	0.0	4	0 0 0 0 6
170	2	0.0	4	0 0 0 0 2
171	1	0.0	4	0 0 0 0 1
172	4	0.0	4	0 0 0 0 4
173	2	0.0	4	0 0 0 0 2
174	1	0.0	4	0 0 0 0 1
175	1	0.0	4	0 0 0 0 1
176	1	0.0	4	0 0 0 0 1
177	1	0.0	4	0 0 0 0 1
178	3	0.0	4	0 0 0 0 3
179	6	0.0	4	0 0 0 0 6
180	4	0.0	4	0 0 0 0 4
181	1	0.0	4	0 0 0 0 1
182	1	0.0	4	0 0 0 0 1
183	2	0.0	4	0 0 0 0 2
184	2	0.0	4	0 0 0 0 2
185	2	0.0	4	0 0 0 0 2
186	17	0.0	4	0 0 0 0 17
187	3	0.0	4	0 0 0 0 3
188	5	0.0	4	0 0 0 0 5
189	5	0.0	4	0 0 0 0 5
190	1	0.0	4	0 0 0 0 1
191	1	0.0	4	0 0 0 0 1
193	9	0.0	4	0 0 0 0 9
194	3	0.0	4	0 0 0 0 3
195	1	0.0	4	0 0 0 0 1
197	1	0.0	4	0 0 0 0 1
198	4	0.0	4	0 0 0 0 4
199	3	0.0	4	0 0 1 0 2
200	3	0.0	4	0 0 0 0 3
201	3	0.0	4	0 0 0 0 3
202	5	0.0	4	0 0 0 0 5
203	45	0.0	4	0 0 0 3 42
204	10	0.0	4	0 0 0 0 10
205	4	0.0	4	0 0 0 0 4
206	1	0.0	4	0 0 0 0 1
208	1	0.0	4	0 0 0 0 1
209	3	0.0	4	0 0 0 0 3
210	3	0.0	4	0 0 0 0 3
211	5	0.0	4	0 0 0 0 5
212	2	0.0	4	0 0 0 1 1
213	2	0.0	4	0 0 0 0 2
215	4	0.0	4	0 0 0 1 3
216	4	0.0	4	0 0 0 0 4
217	6	0.0	4	0 0 0 0 6
218	5	0.0	4	0 0 0 0 5
220	4	0.0	4	0 0 0 1 3
222	3	0.0	4	0 0 0 0 3
225	3	0.0	4	0 0 0 0 3
226	2	0.0	4	0 0 0 1 1
227	3	0.0	4	0 0 0 0 3
228	9	0.0	4	0 0 0 0 9
229	5	0.0	4	0 0 0 1 4
230	5	0.0	4	0 0 0 0 5
231	2	0.0	4	0 0 0 0 2
232	5	0.0	4	0 0 0 0 5
233	3	0.0	4	0 0 0 1 2
234	6	0.0	4	0 0 0 0 6
235	2	0.0	4	0 0 0 0 2
236	6	0.0	4	0 0 0 0 6
237	4	0.0	4	0 0 0 0 4
238	4	0.0	4	0 0 0 0 4
239	6	0.0	4	0 0 0 0 6
240	6	0.0	4	0 0 0 1 5
241	1	0.0	4	0 0 0 0 1
242	4	0.0	4	0 0 0 0 4
243	14	0.0	4	0 0 0 0 14
244	8	0.0	4	0 0 0 0 8
245	7	0.0	4	0 0 0 0 7
246	11	0.0	4	0 0 0 0 11
247	53	0.0	4	0 0 0 1 52
248	58	0.0	4	0 0 0 0 58
249	14	0.0	4	0 0 0 1 13
250	5	0.0	4	0 0 0 0 5
251	14	0.0	4	0 0 0 0 14
252	1	0.0	4	0 0 0 0 1
254	1	0.0	4	0 0 0 0 1
255	3	0.0	4	0 0 0 0 3
256	4	0.0	4	0 0 0 0 4
257	33	0.0	4	0 0 0 0 33
258	227	0.0	4	0 0 0 5 222
259	66	0.0	4	0 0 0 2 64
260	14	0.0	4	0 0 0 0 14
261	7	0.0	4	0 0 0 1 6
262	1	0.0	4	0 0 0 0 1
263	4	0.0	4	0 0 0 0 4
264	1	0.0	4	0 0 0 0 1
265	2	0.0	4	0 0 0 1 1
266	1	0.0	4	0 0 0 0 1
267	3	0.0	4	0 0 0 0 3
268	5	0.0	4	0 0 0 0 5
269	3	0.0	4	0 0 0 0 3
270	1	0.0	4	0 0 0 0 1
271	2	0.0	4	0 0 0 0 2
272	6	0.0	4	0 0 0 0 6
273	7	0.0	4	0 0 0 0 7
274	10	0.0	4	0 0 0 0 10
275	3	0.0	4	0 0 0 0 3
276	1	0.0	4	0 0 0 0 1
277	2	0.0	4	0 0 0 0 2
278	7	0.0	4	0 0 0 2 5
280	3	0.0	4	0 0 0 0 3
281	3	0.0	4	0 0 0 0 3
282	9	0.0	4	0 0 0 0 9
283	9	0.0	4	0 0 0 1 8
284	8	0.0	4	0 0 0 1 7
285	11	0.0	4	0 0 0 0 11
286	9	0.0	4	0 0 0 0 9
287	11	0.0	4	0 0 0 1 10
288	19	0.0	4	0 0 0 0 19
289	25	0.0	4	0 0 0 0 25
290	7	0.0	4	0 0 0 1 6
291	9	0.0	4	0 0 0 0 9
292	6	0.0	4	0 0 0 0 6
293	17	0.0	4	0 0 0 0 17
294	189	0.0	4	0 0 0 5 184
295	89	0.0	4	0 0 0 3 86
296	16	0.0	4	0 0 0 1 15
297	17	0.0	4	0 0 0 0 17
298	2	0.0	4	0 0 0 0 2
299	10	0.0	4	0 0 0 0 10
300	7	0.0	4	0 0 0 0 7



Overview of removed sequences at 3' end
length	count	expect	max.err	error counts
61	1	0.0	2	1
65	1	0.0	2	0 0 1
66	1	0.0	2	0 1
75	1	0.0	2	0 1
85	1	0.0	2	0 0 1
129	169	0.0	2	146 21 2
130	17	0.0	2	15 1 1
133	5	0.0	2	5
136	1	0.0	2	0 1
139	137	0.0	2	114 18 5
140	1	0.0	2	1
143	152	0.0	2	138 12 2
144	2	0.0	2	0 2
145	112	0.0	2	105 6 1
154	16	0.0	2	15 1
155	2	0.0	2	1 1
156	10	0.0	2	7 1 2
157	6	0.0	2	4 1 1
158	2	0.0	2	0 0 2
161	2	0.0	2	1 1
162	1	0.0	2	1
163	2	0.0	2	0 2
164	2	0.0	2	1 1
165	4	0.0	2	2 2
166	4	0.0	2	1 2 1
167	2	0.0	2	1 0 1
168	8	0.0	2	4 3 1
169	3	0.0	2	1 1 1
170	1	0.0	2	1
171	3	0.0	2	2 1
172	3	0.0	2	2 1
174	1	0.0	2	1
178	1	0.0	2	1
185	1	0.0	2	1
255	1	0.0	2	0 0 1
> 
> 
